../Core/Src/main.c:180:6:lcdRefreshTimerCallback	16	static
../Core/Src/main.c:193:5:main	32	static
../Core/Src/main.c:378:6:SystemClock_Config	128	static
../Core/Src/main.c:450:6:PeriphCommonClock_Config	200	static
../Core/Src/main.c:479:13:MX_I2C2_Init	8	static
../Core/Src/main.c:528:13:MX_LPTIM1_Init	8	static
../Core/Src/main.c:562:13:MX_RTC_Init	32	static
../Core/Src/main.c:630:13:MX_SDMMC1_SD_Init	4	static
../Core/Src/main.c:657:13:MX_SPI1_Init	8	static
../Core/Src/main.c:705:13:MX_SPI2_Init	8	static
../Core/Src/main.c:751:13:MX_DMA_Init	16	static
../Core/Src/main.c:779:13:MX_MDMA_Init	16	static
../Core/Src/main.c:838:13:MX_FMC_Init	40	static
../Core/Src/main.c:896:13:MX_GPIO_Init	56	static
../Core/Src/main.c:1007:6:HAL_I2C_MemRxCpltCallback	16	static
../Core/Src/main.c:1017:13:TransferCompleteMDMA	16	static
../Core/Src/main.c:1109:6:StartDefaultTask	16	static
../Core/Src/main.c:1139:6:MPU_Config	24	static
../Core/Src/main.c:1200:6:HAL_TIM_PeriodElapsedCallback	16	static
../Core/Src/main.c:1217:6:Error_Handler	4	static
