../Core/Src/stm32h7xx_hal_msp.c:69:6:HAL_MspInit	16	static
../Core/Src/stm32h7xx_hal_msp.c:93:6:HAL_I2C_MspInit	240	static
../Core/Src/stm32h7xx_hal_msp.c:165:6:HAL_I2C_MspDeInit	16	static
../Core/Src/stm32h7xx_hal_msp.c:202:6:HAL_LPTIM_MspInit	24	static
../Core/Src/stm32h7xx_hal_msp.c:225:6:HAL_LPTIM_MspDeInit	16	static
../Core/Src/stm32h7xx_hal_msp.c:247:6:HAL_RTC_MspInit	208	static
../Core/Src/stm32h7xx_hal_msp.c:281:6:HAL_RTC_MspDeInit	16	static
../Core/Src/stm32h7xx_hal_msp.c:303:6:HAL_SD_MspInit	248	static
../Core/Src/stm32h7xx_hal_msp.c:367:6:HAL_SD_MspDeInit	16	static
../Core/Src/stm32h7xx_hal_msp.c:405:6:HAL_SPI_MspInit	72	static
../Core/Src/stm32h7xx_hal_msp.c:528:6:HAL_SPI_MspDeInit	16	static
../Core/Src/stm32h7xx_hal_msp.c:579:13:HAL_FMC_MspInit	232	static
../Core/Src/stm32h7xx_hal_msp.c:647:6:HAL_SRAM_MspInit	16	static
../Core/Src/stm32h7xx_hal_msp.c:659:13:HAL_FMC_MspDeInit	8	static
../Core/Src/stm32h7xx_hal_msp.c:705:6:HAL_SRAM_MspDeInit	16	static
