../Core/Src/task_dsp.c:264:6:StartTask01	56	static
../Core/Src/task_dsp.c:583:13:PB4EXTI_Init	8	static
../Core/Src/task_dsp.c:604:6:EXTI4_IRQHandler	4	static
../Core/Src/task_dsp.c:689:6:SPI1_IRQHandler	16	static
../Core/Src/task_dsp.c:821:6:MY_SPI_TxRxCpltCallback	16	static
../Core/Src/task_dsp.c:887:13:MY_SPI_CloseTransfer	4	static
../Core/Src/task_dsp.c:1012:6:MY_SPI_ErrorCallback	4	static
../Core/Src/task_dsp.c:1017:16:create_wav_file	16	static
../Core/Src/task_dsp.c:1148:13:close_wave_file	8	static
../Core/Src/task_dsp.c:1174:16:create_txt_file	48	static
../Core/Src/task_dsp.c:1237:6:close_txt_file	16	static
../Core/Src/task_dsp.c:1249:16:create_files	16	static
../Core/Src/task_dsp.c:1266:6:LPTIM_Config	16	static
../Core/Src/task_dsp.c:1284:13:HAL_TransferError	16	static
../Core/Src/task_dsp.c:1291:6:HAL_SPI_TxRxCpltCallback	16	static
../Core/Src/task_dsp.c:1302:6:HAL_SPI_TxRxHalfCpltCallback	16	static
../Core/Src/task_dsp.c:1312:6:soundf	40	static
../Core/Src/task_dsp.c:1382:6:vibro	72	static
