../Core/Src/task_dsp.c:265:6:StartTask01	56	static
../Core/Src/task_dsp.c:586:13:PB4EXTI_Init	8	static
../Core/Src/task_dsp.c:607:6:EXTI4_IRQHandler	4	static
../Core/Src/task_dsp.c:692:6:SPI1_IRQHandler	16	static
../Core/Src/task_dsp.c:824:6:MY_SPI_TxRxCpltCallback	16	static
../Core/Src/task_dsp.c:890:13:MY_SPI_CloseTransfer	4	static
../Core/Src/task_dsp.c:1015:6:MY_SPI_ErrorCallback	4	static
../Core/Src/task_dsp.c:1020:16:create_wav_file	16	static
../Core/Src/task_dsp.c:1151:13:close_wave_file	8	static
../Core/Src/task_dsp.c:1177:16:create_txt_file	48	static
../Core/Src/task_dsp.c:1240:6:close_txt_file	16	static
../Core/Src/task_dsp.c:1252:16:create_files	16	static
../Core/Src/task_dsp.c:1269:6:LPTIM_Config	16	static
../Core/Src/task_dsp.c:1287:13:HAL_TransferError	16	static
../Core/Src/task_dsp.c:1294:6:HAL_SPI_TxRxCpltCallback	16	static
../Core/Src/task_dsp.c:1305:6:HAL_SPI_TxRxHalfCpltCallback	16	static
../Core/Src/task_dsp.c:1315:6:soundf	40	static
../Core/Src/task_dsp.c:1385:6:vibro	72	static
