../Core/Src/widget_opt_analyz_blast.c:49:20:GetOptText	48	static
../Core/Src/widget_opt_analyz_blast.c:68:13:getDefValIndex	16	static
../Core/Src/widget_opt_analyz_blast.c:94:13:set_opt_sel	40	static
../Core/Src/widget_opt_analyz_blast.c:105:13:set_opt_val_sel	40	static
../Core/Src/widget_opt_analyz_blast.c:115:13:draw_static	32	static
../Core/Src/widget_opt_analyz_blast.c:152:6:opt_an_bls_win_KEY_handler	40	static
../Core/Src/widget_opt_analyz_blast.c:186:13:opt_analyz_exit	8	static
../Core/Src/widget_opt_analyz_blast.c:197:13:widget_opt_an_bls_command_handler	32	static
../Core/Src/widget_opt_analyz_blast.c:311:6:app_widget_launch_opt_an_bls	16	static
