../Core/Src/widget_opt_analyz_evs.c:43:20:GetOptText	56	static
../Core/Src/widget_opt_analyz_evs.c:62:13:getDefValIndex	16	static
../Core/Src/widget_opt_analyz_evs.c:88:13:set_opt_sel	40	static
../Core/Src/widget_opt_analyz_evs.c:99:13:set_opt_val_sel	40	static
../Core/Src/widget_opt_analyz_evs.c:109:13:draw_static	32	static
../Core/Src/widget_opt_analyz_evs.c:145:6:opt_an_evs_win_KEY_handler	40	static
../Core/Src/widget_opt_analyz_evs.c:176:13:opt_analyz_evs_exit	8	static
../Core/Src/widget_opt_analyz_evs.c:186:13:widget_opt_an_evs_command_handler	32	static
../Core/Src/widget_opt_analyz_evs.c:300:6:app_widget_launch_opt_an_evs	16	static
