../Core/Src/widget_trigger_blast.c:43:20:GetOptText	184	static
../Core/Src/widget_trigger_blast.c:62:13:getDefValIndex	16	static
../Core/Src/widget_trigger_blast.c:89:13:set_opt_sel	40	static
../Core/Src/widget_trigger_blast.c:100:13:set_opt_val_sel	40	static
../Core/Src/widget_trigger_blast.c:113:13:draw_static	32	static
../Core/Src/widget_trigger_blast.c:146:6:trigger_bls_win_KEY_handler	40	static
../Core/Src/widget_trigger_blast.c:170:13:trigger_exit	8	static
../Core/Src/widget_trigger_blast.c:181:13:widget_trig_bls_command_handler	32	static
../Core/Src/widget_trigger_blast.c:295:6:app_widget_launch_trigger_bls	16	static
